BL51 BANKED LINKER/LOCATER V6.22.4.0                                                    06/23/2026  20:40:08  PAGE 1


BL51 BANKED LINKER/LOCATER V6.22.4.0, INVOKED BY:
D:\SOFTWARE\KEIL.VISION5\C51\BIN\BL51.EXE .\Objects\STARTUP.obj, .\Objects\main.obj TO .\Objects\Vision_Trigger_5Class_S
>> ystem PRINT (.\Listings\Vision_Trigger_5Class_System.m51) RAMSIZE (256)


MEMORY MODEL: SMALL


INPUT MODULES INCLUDED:
  .\Objects\STARTUP.obj (?C_STARTUP)
  .\Objects\main.obj (MAIN)
  D:\SOFTWARE\KEIL.VISION5\C51\LIB\C51S.LIB (?C_INIT)


LINK MAP OF MODULE:  .\Objects\Vision_Trigger_5Class_System (?C_STARTUP)


            TYPE    BASE      LENGTH    RELOCATION   SEGMENT NAME
            -----------------------------------------------------

            * * * * * * *   D A T A   M E M O R Y   * * * * * * *
            REG     0000H     0008H     ABSOLUTE     "REG BANK 0"
            DATA    0008H     0005H     UNIT         ?DT?MAIN
                    000DH     0013H                  *** GAP ***
            BIT     0020H.0   0000H.3   UNIT         ?BI?MAIN
            BIT     0020H.3   0000H.2   UNIT         _BIT_GROUP_
                    0020H.5   0000H.3                *** GAP ***
            IDATA   0021H     0001H     UNIT         ?STACK

            * * * * * * *   C O D E   M E M O R Y   * * * * * * *
            CODE    0000H     0003H     ABSOLUTE     
            CODE    0003H     0007H     UNIT         ?PR?MOTORSTOP?MAIN
                    000AH     0001H                  *** GAP ***
            CODE    000BH     0003H     ABSOLUTE     
            CODE    000EH     0013H     UNIT         ?PR?TIMER0_INIT?MAIN
                    0021H     0002H                  *** GAP ***
            CODE    0023H     0003H     ABSOLUTE     
            CODE    0026H     008CH     UNIT         ?C_C51STARTUP
            CODE    00B2H     0044H     UNIT         ?PR?PROCESSUARTCOMMAND?MAIN
            CODE    00F6H     0042H     UNIT         ?PR?CHECKFULLLOAD?MAIN
            CODE    0138H     0039H     UNIT         ?PR?TIMER0_ISR?MAIN
            CODE    0171H     0027H     UNIT         ?PR?_SORTACTION?MAIN
            CODE    0198H     001EH     UNIT         ?PR?_DELAYMS?MAIN
            CODE    01B6H     001BH     UNIT         ?PR?_SERVOPWMBYCLASSCHAR?MAIN
            CODE    01D1H     0019H     UNIT         ?PR?MAIN?MAIN
            CODE    01EAH     0017H     UNIT         ?PR?UART_INIT?MAIN
            CODE    0201H     0017H     UNIT         ?PR?MOTOROPEN?MAIN
            CODE    0218H     0012H     UNIT         ?PR?_UART_SENDBYTE?MAIN
            CODE    022AH     0012H     UNIT         ?C_INITSEG
            CODE    023CH     0010H     UNIT         ?PR?ISFULLRAW?MAIN
            CODE    024CH     0010H     UNIT         ?PR?MOTORCLOSE?MAIN
            CODE    025CH     000CH     UNIT         ?PR?_SERVOHOLDMS?MAIN
            CODE    0268H     000BH     UNIT         ?PR?UART_IRQ?MAIN
            CODE    0273H     0006H     UNIT         ?PR?_SERVOSETANGLE?MAIN



OVERLAY MAP OF MODULE:   .\Objects\Vision_Trigger_5Class_System (?C_STARTUP)
BL51 BANKED LINKER/LOCATER V6.22.4.0                                                  06/23/2026  20:40:08  PAGE 2




SEGMENT                                  BIT_GROUP 
  +--> CALLED SEGMENT                 START    LENGTH
-----------------------------------------------------
?C_C51STARTUP                         -----    -----
  +--> ?PR?MAIN?MAIN
  +--> ?C_INITSEG

?PR?MAIN?MAIN                         -----    -----
  +--> ?PR?TIMER0_INIT?MAIN
  +--> ?PR?UART_INIT?MAIN
  +--> ?PR?ISFULLRAW?MAIN
  +--> ?PR?CHECKFULLLOAD?MAIN
  +--> ?PR?PROCESSUARTCOMMAND?MAIN

?PR?CHECKFULLLOAD?MAIN                0020H.3  0000H.1
  +--> ?PR?ISFULLRAW?MAIN
  +--> ?PR?_DELAYMS?MAIN
  +--> ?PR?MOTORSTOP?MAIN
  +--> ?PR?_UART_SENDBYTE?MAIN

?PR?_UART_SENDBYTE?MAIN               0020H.4  0000H.1

?PR?PROCESSUARTCOMMAND?MAIN           -----    -----
  +--> ?PR?MOTORSTOP?MAIN
  +--> ?PR?_SORTACTION?MAIN
  +--> ?PR?_UART_SENDBYTE?MAIN

?PR?_SORTACTION?MAIN                  -----    -----
  +--> ?PR?_SERVOPWMBYCLASSCHAR?MAIN
  +--> ?PR?_SERVOHOLDMS?MAIN
  +--> ?PR?_DELAYMS?MAIN
  +--> ?PR?MOTOROPEN?MAIN
  +--> ?PR?MOTORCLOSE?MAIN

?PR?_SERVOHOLDMS?MAIN                 -----    -----
  +--> ?PR?_DELAYMS?MAIN

?PR?MOTOROPEN?MAIN                    -----    -----
  +--> ?PR?_DELAYMS?MAIN
  +--> ?PR?MOTORSTOP?MAIN

?PR?MOTORCLOSE?MAIN                   -----    -----
  +--> ?PR?_DELAYMS?MAIN
  +--> ?PR?MOTORSTOP?MAIN



SYMBOL TABLE OF MODULE:  .\Objects\Vision_Trigger_5Class_System (?C_STARTUP)

  VALUE           TYPE          NAME
  ----------------------------------

  -------         MODULE        ?C_STARTUP
  C:0026H         SEGMENT       ?C_C51STARTUP
  I:0021H         SEGMENT       ?STACK
BL51 BANKED LINKER/LOCATER V6.22.4.0                                                  06/23/2026  20:40:08  PAGE 3


  C:0000H         PUBLIC        ?C_STARTUP
  D:00E0H         SYMBOL        ACC
  D:00F0H         SYMBOL        B
  D:0083H         SYMBOL        DPH
  D:0082H         SYMBOL        DPL
  N:0000H         SYMBOL        IBPSTACK
  N:0100H         SYMBOL        IBPSTACKTOP
  N:0080H         SYMBOL        IDATALEN
  C:0029H         SYMBOL        IDATALOOP
  N:0000H         SYMBOL        PBPSTACK
  N:0100H         SYMBOL        PBPSTACKTOP
  N:0000H         SYMBOL        PDATALEN
  N:0000H         SYMBOL        PDATASTART
  N:0000H         SYMBOL        PPAGE
  N:0000H         SYMBOL        PPAGEENABLE
  D:00A0H         SYMBOL        PPAGE_SFR
  D:0081H         SYMBOL        SP
  C:0026H         SYMBOL        STARTUP1
  N:0000H         SYMBOL        XBPSTACK
  N:0000H         SYMBOL        XBPSTACKTOP
  N:0000H         SYMBOL        XDATALEN
  N:0000H         SYMBOL        XDATASTART
  C:0000H         LINE#         126
  C:0026H         LINE#         133
  C:0028H         LINE#         134
  C:0029H         LINE#         135
  C:002AH         LINE#         136
  C:002CH         LINE#         185
  C:002FH         LINE#         196
  -------         ENDMOD        ?C_STARTUP

  -------         MODULE        MAIN
  C:0000H         SYMBOL        _ICE_DUMMY_
  C:023CH         PUBLIC        IsFullRaw
  C:01B6H         PUBLIC        _ServoPwmByClassChar
  D:0080H         PUBLIC        P0
  D:0090H         PUBLIC        P1
  C:0138H         PUBLIC        Timer0_ISR
  B:00A8H.7       PUBLIC        EA
  B:0020H.0       PUBLIC        uart_rx_flag
  B:0080H.0       PUBLIC        MOTOR_EN
  D:0008H         PUBLIC        uart_rx_char
  C:0171H         PUBLIC        _SortAction
  C:024CH         PUBLIC        MotorClose
  B:0080H.3       PUBLIC        FULL_L0
  B:0090H.5       PUBLIC        SERVO
  B:0080H.5       PUBLIC        FULL_L1
  B:0080H.6       PUBLIC        FULL_L2
  B:0080H.7       PUBLIC        FULL_L3
  C:01EAH         PUBLIC        Uart_Init
  B:00A8H.4       PUBLIC        ES
  B:0098H.0       PUBLIC        RI
  B:0098H.1       PUBLIC        TI
  C:0218H         PUBLIC        _Uart_SendByte
  C:01D1H         PUBLIC        main
  C:0201H         PUBLIC        MotorOpen
  C:000EH         PUBLIC        Timer0_Init
BL51 BANKED LINKER/LOCATER V6.22.4.0                                                  06/23/2026  20:40:08  PAGE 4


  C:0273H         PUBLIC        _ServoSetAngle
  D:0099H         PUBLIC        SBUF
  B:0020H.1       PUBLIC        full_flag
  C:0198H         PUBLIC        _DelayMs
  D:0098H         PUBLIC        SCON
  D:0089H         PUBLIC        TMOD
  B:0080H.1       PUBLIC        MOTOR_IN1
  C:0003H         PUBLIC        MotorStop
  B:0080H.2       PUBLIC        MOTOR_IN2
  C:00B2H         PUBLIC        ProcessUartCommand
  B:00A8H.1       PUBLIC        ET0
  D:008CH         PUBLIC        TH0
  D:008DH         PUBLIC        TH1
  D:008AH         PUBLIC        TL0
  D:008BH         PUBLIC        TL1
  B:0088H.4       PUBLIC        TR0
  B:0088H.6       PUBLIC        TR1
  D:0009H         PUBLIC        servo_cnt
  C:025CH         PUBLIC        _ServoHoldMs
  D:000BH         PUBLIC        servo_pwm
  C:0268H         PUBLIC        Uart_IRQ
  B:0020H.2       PUBLIC        last_full_raw
  C:00F6H         PUBLIC        CheckFullLoad
  -------         PROC          _DELAYMS
  D:0006H         SYMBOL        ms
  -------         DO            
  D:0006H         SYMBOL        i
  D:0004H         SYMBOL        j
  -------         ENDDO         
  C:0198H         LINE#         95
  C:0198H         LINE#         96
  C:0198H         LINE#         98
  C:01A1H         LINE#         99
  C:01B5H         LINE#         100
  -------         ENDPROC       _DELAYMS
  -------         PROC          UART_INIT
  C:01EAH         LINE#         103
  C:01EAH         LINE#         104
  C:01EAH         LINE#         105
  C:01EDH         LINE#         106
  C:01F0H         LINE#         107
  C:01F3H         LINE#         108
  C:01F5H         LINE#         109
  C:01F8H         LINE#         110
  C:01FAH         LINE#         111
  C:01FCH         LINE#         112
  C:01FEH         LINE#         113
  C:0200H         LINE#         114
  -------         ENDPROC       UART_INIT
  -------         PROC          TIMER0_INIT
  C:000EH         LINE#         117
  C:000EH         LINE#         118
  C:000EH         LINE#         119
  C:0011H         LINE#         120
  C:0014H         LINE#         121
  C:0017H         LINE#         122
  C:001AH         LINE#         123
BL51 BANKED LINKER/LOCATER V6.22.4.0                                                  06/23/2026  20:40:08  PAGE 5


  C:001CH         LINE#         124
  C:001EH         LINE#         125
  C:0020H         LINE#         126
  -------         ENDPROC       TIMER0_INIT
  -------         PROC          TIMER0_ISR
  C:0138H         LINE#         129
  C:013CH         LINE#         131
  C:013FH         LINE#         132
  C:0142H         LINE#         133
  C:014AH         LINE#         135
  C:0153H         LINE#         136
  C:0157H         LINE#         138
  C:0159H         LINE#         140
  C:0164H         LINE#         141
  C:016AH         LINE#         142
  C:016CH         LINE#         143
  C:016CH         LINE#         144
  -------         ENDPROC       TIMER0_ISR
  -------         PROC          _UART_SENDBYTE
  D:0007H         SYMBOL        dat
  -------         DO            
  B:0020H.4       SYMBOL        saved_es
  -------         ENDDO         
  C:0218H         LINE#         147
  C:0218H         LINE#         148
  C:0218H         LINE#         150
  C:021CH         LINE#         151
  C:021EH         LINE#         152
  C:0220H         LINE#         153
  C:0223H         LINE#         154
  C:0225H         LINE#         155
  C:0229H         LINE#         156
  -------         ENDPROC       _UART_SENDBYTE
  -------         PROC          UART_IRQ
  C:0268H         LINE#         159
  C:0268H         LINE#         161
  C:026BH         LINE#         162
  C:026DH         LINE#         163
  C:0270H         LINE#         164
  C:0272H         LINE#         165
  C:0272H         LINE#         166
  -------         ENDPROC       UART_IRQ
  -------         PROC          ISFULLRAW
  C:023CH         LINE#         170
  C:023CH         LINE#         171
  C:023CH         LINE#         172
  C:0248H         LINE#         173
  C:024AH         LINE#         175
  C:024BH         LINE#         176
  -------         ENDPROC       ISFULLRAW
  -------         PROC          CHECKFULLLOAD
  -------         DO            
  B:0020H.3       SYMBOL        raw
  -------         ENDDO         
  C:00F6H         LINE#         179
  C:00F6H         LINE#         180
  C:00F6H         LINE#         182
BL51 BANKED LINKER/LOCATER V6.22.4.0                                                  06/23/2026  20:40:08  PAGE 6


  C:00FBH         LINE#         184
  C:0103H         LINE#         185
  C:010AH         LINE#         186
  C:010FH         LINE#         187
  C:010FH         LINE#         189
  C:0117H         LINE#         190
  C:011BH         LINE#         192
  C:0121H         LINE#         194
  C:0123H         LINE#         195
  C:0126H         LINE#         196
  C:0128H         LINE#         197
  C:012AH         LINE#         198
  C:0130H         LINE#         200
  C:0132H         LINE#         201
  C:0137H         LINE#         202
  C:0137H         LINE#         203
  C:0137H         LINE#         204
  -------         ENDPROC       CHECKFULLLOAD
  -------         PROC          MOTORSTOP
  C:0003H         LINE#         207
  C:0003H         LINE#         208
  C:0003H         LINE#         209
  C:0005H         LINE#         210
  C:0007H         LINE#         211
  C:0009H         LINE#         212
  -------         ENDPROC       MOTORSTOP
  -------         PROC          MOTOROPEN
  C:0201H         LINE#         214
  C:0201H         LINE#         215
  C:0201H         LINE#         216
  C:0203H         LINE#         217
  C:0205H         LINE#         218
  C:0207H         LINE#         219
  C:020EH         LINE#         220
  C:0211H         LINE#         221
  -------         ENDPROC       MOTOROPEN
  -------         PROC          MOTORCLOSE
  C:024CH         LINE#         224
  C:024CH         LINE#         225
  C:024CH         LINE#         226
  C:024EH         LINE#         227
  C:0250H         LINE#         228
  C:0252H         LINE#         229
  C:0259H         LINE#         230
  -------         ENDPROC       MOTORCLOSE
  -------         PROC          _SERVOPWMBYCLASSCHAR
  D:0007H         SYMBOL        ch
  C:01B6H         LINE#         234
  C:01B6H         LINE#         235
  C:01B6H         LINE#         236
  C:01BCH         LINE#         237
  C:01C2H         LINE#         238
  C:01C8H         LINE#         239
  C:01CEH         LINE#         240
  C:01D0H         LINE#         241
  -------         ENDPROC       _SERVOPWMBYCLASSCHAR
  -------         PROC          _SERVOSETANGLE
BL51 BANKED LINKER/LOCATER V6.22.4.0                                                  06/23/2026  20:40:08  PAGE 7


  D:0007H         SYMBOL        pwm_val
  C:0273H         LINE#         244
  C:0273H         LINE#         245
  C:0273H         LINE#         246
  C:0278H         LINE#         247
  -------         ENDPROC       _SERVOSETANGLE
  -------         PROC          _SERVOHOLDMS
  D:0007H         SYMBOL        pwm_val
  D:0004H         SYMBOL        ms
  C:025CH         LINE#         250
  C:025CH         LINE#         251
  C:025CH         LINE#         252
  C:0261H         LINE#         253
  -------         ENDPROC       _SERVOHOLDMS
  -------         PROC          _SORTACTION
  D:0007H         SYMBOL        ch
  -------         DO            
  D:0007H         SYMBOL        pwm
  -------         ENDDO         
  C:0171H         LINE#         257
  C:0171H         LINE#         258
  C:0171H         LINE#         260
  C:0174H         LINE#         263
  C:017BH         LINE#         264
  C:0182H         LINE#         267
  C:0185H         LINE#         270
  C:018EH         LINE#         271
  C:0195H         LINE#         274
  -------         ENDPROC       _SORTACTION
  -------         PROC          PROCESSUARTCOMMAND
  -------         DO            
  D:0007H         SYMBOL        ch
  -------         ENDDO         
  C:00B2H         LINE#         278
  C:00B2H         LINE#         279
  C:00B2H         LINE#         282
  C:00B5H         LINE#         285
  C:00B7H         LINE#         286
  C:00B9H         LINE#         289
  C:00CDH         LINE#         290
  C:00CDH         LINE#         292
  C:00CDH         LINE#         295
  C:00DFH         LINE#         296
  C:00E2H         LINE#         298
  C:00E5H         LINE#         299
  C:00E9H         LINE#         301
  C:00E9H         LINE#         304
  C:00ECH         LINE#         307
  C:00F0H         LINE#         309
  C:00F0H         LINE#         312
  C:00F5H         LINE#         313
  -------         ENDPROC       PROCESSUARTCOMMAND
  -------         PROC          MAIN
  C:01D1H         LINE#         316
  C:01D1H         LINE#         317
  C:01D1H         LINE#         319
  C:01D4H         LINE#         320
BL51 BANKED LINKER/LOCATER V6.22.4.0                                                  06/23/2026  20:40:08  PAGE 8


  C:01D7H         LINE#         323
  C:01D9H         LINE#         324
  C:01DBH         LINE#         325
  C:01DDH         LINE#         326
  C:01E2H         LINE#         328
  C:01E2H         LINE#         329
  C:01E5H         LINE#         330
  C:01E8H         LINE#         331
  -------         ENDPROC       MAIN
  -------         ENDMOD        MAIN

*** WARNING L16: UNCALLED SEGMENT, IGNORED FOR OVERLAY PROCESS
    SEGMENT: ?PR?_SERVOSETANGLE?MAIN

Program Size: data=14.5 xdata=0 code=630
LINK/LOCATE RUN COMPLETE.  1 WARNING(S),  0 ERROR(S)
